// Jest Snapshot v1, https://goo.gl/fbAQLP

exports[`shallow renders without crashing 1`] = `
<ApolloProvider
  client={
    ApolloClient {
      "addTypename": true,
      "dataId": [Function],
      "dataIdFromObject": [Function],
      "disableNetworkFetches": false,
      "fieldWithArgs": [Function],
      "fragmentMatcher": HeuristicFragmentMatcher {},
      "initialState": Object {},
      "middleware": [Function],
      "mutate": [Function],
      "networkInterface": HTTPFetchNetworkInterface {
        "_afterwares": Array [],
        "_middlewares": Array [],
        "_opts": Object {},
        "_uri": "http://localhost:8080",
      },
      "query": [Function],
      "queryDeduplication": true,
      "reducerConfig": Object {
        "addTypename": true,
        "customResolvers": undefined,
        "dataIdFromObject": [Function],
        "fragmentMatcher": [Function],
      },
      "resetStore": [Function],
      "setStore": [Function],
      "ssrMode": false,
      "version": "1.9.3",
      "watchQuery": [Function],
    }
  }
>
  <NavigationDrawer
    autoclose={true}
    constantDrawerType={false}
    contentComponent="main"
    contentId="main-content"
    defaultMedia="mobile"
    defaultVisible={false}
    desktopDrawerType="full-height"
    desktopMinWidth={1025}
    drawerTransitionDuration={300}
    extractMini={true}
    includeDrawerHeader={false}
    jumpLabel="Jump to content"
    mobileDrawerType="temporary"
    mobileMinWidth={320}
    persistentIcon={
      <FontIcon
        iconClassName="material-icons"
      >
        arrow_back
      </FontIcon>
    }
    position="left"
    tabletDrawerType="persistent"
    tabletMinWidth={768}
    temporaryIcon={
      <FontIcon
        iconClassName="material-icons"
      >
        menu
      </FontIcon>
    }
    toolbarThemeType="colored"
    toolbarTitle="KeetHealth Test"
    transitionEnterTimeout={300}
    transitionName="md-cross-fade"
  >
    <div
      className="md-grid"
    >
      <Apollo(Apollo(ActionTodos)) />
      <Apollo(AddTodo) />
      <Apollo(Apollo(Apollo(Todos))) />
    </div>
  </NavigationDrawer>
</ApolloProvider>
`;
